16:52:43  [INFO]  ============================================================
16:52:43  [INFO]    APT Taxonomy — Stage 2: NLP Preprocessing
16:52:43  [INFO]  ============================================================
16:52:43  [INFO]  Loaded 120 papers from 'apt_papers_raw.csv'
16:52:43  [INFO]  Year distribution: {2021: 20, 2022: 20, 2023: 20, 2024: 20, 2025: 20, 2026: 20}
16:52:43  [INFO]  
Step 1 (abstract quality filter): 120 papers remain
16:52:43  [INFO]  
Step 2 — Applying dual-group relevance filter...
16:52:43  [INFO]    Papers failing filter: 18
16:52:43  [INFO]    Papers passing filter: 102
16:52:43  [INFO]  
Step 3 — Applying NLP cleaning pipeline...
16:52:44  [INFO]  Step 4 (min 15 content words): 102 papers remain
16:52:44  [INFO]  
============================================================
16:52:44  [INFO]    PREPROCESSING SUMMARY
16:52:44  [INFO]    Final papers: 102
16:52:44  [INFO]      2021: ███████████████████ (19)
16:52:44  [INFO]      2022: █████████████████ (17)
16:52:44  [INFO]      2023: ██████████████████ (18)
16:52:44  [INFO]      2024: █████████████ (13)
16:52:44  [INFO]      2025: ██████████████████ (18)
16:52:44  [INFO]      2026: █████████████████ (17)
16:52:44  [INFO]  
  ✓ Saved → apt_papers_clean.csv
16:52:44  [INFO]    Next: python taxonomy_builder.py
16:52:44  [INFO]  ============================================================
